// Jest Snapshot v1, https://goo.gl/fbAQLP

exports[`Tests for the connected ChartComponent should render with given state from Redux store 1`] = `
.c0 {
  display: -webkit-box;
  display: -webkit-flex;
  display: -ms-flexbox;
  display: flex;
  -webkit-flex-direction: column;
  -ms-flex-direction: column;
  flex-direction: column;
  -webkit-align-items: center;
  -webkit-box-align: center;
  -ms-flex-align: center;
  align-items: center;
  height: 28rem;
  overflow: hidden;
}

<div
  className="c0"
>
  <h2>
    Weekly Cases in all Locations
  </h2>
  <div>
    Loading Chart
  </div>
</div>
`;
