// Jest Snapshot v1, https://goo.gl/fbAQLP

exports[`Tests for the connected DateRangeSlider should render with given state from Redux store 1`] = `
.c0 {
  -webkit-flex: none;
  -ms-flex: none;
  flex: none;
  height: 8rem;
  overflow: hidden;
}

<div
  className="c0"
>
  <span
    className="MuiSlider-root MuiSlider-colorPrimary"
    onMouseDown={[Function]}
  >
    <span
      className="MuiSlider-rail"
    />
    <span
      className="MuiSlider-track"
      style={
        Object {
          "left": "0%",
          "width": "100%",
        }
      }
    />
    <input
      type="hidden"
      value="0,68"
    />
    <span
      aria-orientation="horizontal"
      aria-valuemax={68}
      aria-valuemin={0}
      aria-valuenow={0}
      className="MuiSlider-thumb MuiSlider-thumbColorPrimary"
      data-index={0}
      onBlur={[Function]}
      onFocus={[Function]}
      onKeyDown={[Function]}
      onMouseLeave={[Function]}
      onMouseOver={[Function]}
      role="slider"
      style={
        Object {
          "left": "0%",
        }
      }
      tabIndex={0}
    />
    <span
      aria-orientation="horizontal"
      aria-valuemax={68}
      aria-valuemin={0}
      aria-valuenow={68}
      className="MuiSlider-thumb MuiSlider-thumbColorPrimary"
      data-index={1}
      onBlur={[Function]}
      onFocus={[Function]}
      onKeyDown={[Function]}
      onMouseLeave={[Function]}
      onMouseOver={[Function]}
      role="slider"
      style={
        Object {
          "left": "100%",
        }
      }
      tabIndex={0}
    />
  </span>
</div>
`;
