// Jest Snapshot v1, https://goo.gl/fbAQLP

exports[`Tests for the connected DateRange should render with given state from Redux store 1`] = `
.c0 {
  display: -webkit-box;
  display: -webkit-flex;
  display: -ms-flexbox;
  display: flex;
  -webkit-flex-direction: column;
  -ms-flex-direction: column;
  flex-direction: column;
  -webkit-box-pack: center;
  -webkit-justify-content: center;
  -ms-flex-pack: center;
  justify-content: center;
  -webkit-align-items: center;
  -webkit-box-align: center;
  -ms-flex-align: center;
  align-items: center;
}

.c1 {
  width: 85%;
  display: -webkit-box;
  display: -webkit-flex;
  display: -ms-flexbox;
  display: flex;
  -webkit-flex-direction: row;
  -ms-flex-direction: row;
  flex-direction: row;
  -webkit-align-items: center;
  -webkit-box-align: center;
  -ms-flex-align: center;
  align-items: center;
}

<div
  className="c0"
>
  <div
    className="c1"
  >
    <span
      className="MuiSlider-root MuiSlider-colorPrimary"
      onMouseDown={[Function]}
    >
      <span
        className="MuiSlider-rail"
      />
      <span
        className="MuiSlider-track"
        style={
          Object {
            "left": "0%",
            "width": "100%",
          }
        }
      />
      <input
        type="hidden"
        value="0,72"
      />
      <span
        aria-orientation="horizontal"
        aria-valuemax={72}
        aria-valuemin={0}
        aria-valuenow={0}
        className="MuiSlider-thumb MuiSlider-thumbColorPrimary"
        data-index={0}
        onBlur={[Function]}
        onFocus={[Function]}
        onKeyDown={[Function]}
        onMouseLeave={[Function]}
        onMouseOver={[Function]}
        role="slider"
        style={
          Object {
            "left": "0%",
          }
        }
        tabIndex={0}
      />
      <span
        aria-orientation="horizontal"
        aria-valuemax={72}
        aria-valuemin={0}
        aria-valuenow={72}
        className="MuiSlider-thumb MuiSlider-thumbColorPrimary"
        data-index={1}
        onBlur={[Function]}
        onFocus={[Function]}
        onKeyDown={[Function]}
        onMouseLeave={[Function]}
        onMouseOver={[Function]}
        role="slider"
        style={
          Object {
            "left": "100%",
          }
        }
        tabIndex={0}
      />
    </span>
  </div>
</div>
`;
