// Jest Snapshot v1, https://goo.gl/fbAQLP

exports[`Tests for the connected SnapshotMap component with reduxInitialState should render with given state from Redux store 1`] = `
.c0 {
  -webkit-flex: none;
  -ms-flex: none;
  flex: none;
  position: relative;
  height: 50rem;
  overflow: hidden;
}

.c2 {
  min-width: 5rem;
  padding: 0.4rem 0.8rem;
  font-weight: bold;
  text-transform: uppercase;
  border: 1px solid #000;
  border-top: 0;
  cursor: pointer;
  background-color: #fff;
  -webkit-transition: background-color 0.3s ease;
  transition: background-color 0.3s ease;
}

.c2:first-child {
  border-bottom-left-radius: 0.3rem;
}

.c2:last-child {
  border-bottom-right-radius: 0.3rem;
}

.c2:hover,
.c2:focus {
  background-color: #ececec;
}

.c2.is-active {
  color: #fff;
  background-color: #000;
}

.c1 {
  position: absolute;
  left: 50%;
  z-index: 2;
}

.c6 {
  display: -webkit-box;
  display: -webkit-flex;
  display: -ms-flexbox;
  display: flex;
  -webkit-align-items: center;
  -webkit-box-align: center;
  -ms-flex-align: center;
  align-items: center;
  margin-bottom: 2px;
}

.c7 {
  -webkit-flex: none;
  -ms-flex: none;
  flex: none;
  width: 2em;
  height: 2em;
  margin-right: 0.5em;
}

.c8 {
  -webkit-flex: 1;
  -ms-flex: 1;
  flex: 1;
  color: #666;
}

.c9 {
  position: absolute;
  bottom: 1rem;
  display: -webkit-box;
  display: -webkit-flex;
  display: -ms-flexbox;
  display: flex;
  -webkit-align-items: center;
  -webkit-box-align: center;
  -ms-flex-align: center;
  align-items: center;
  -webkit-box-pack: justify;
  -webkit-justify-content: space-between;
  -ms-flex-pack: justify;
  justify-content: space-between;
  margin-top: 1em;
  padding: 1em 0.5em 0 0.5em;
  border-top: 1px solid #ccc;
  cursor: pointer;
}

.c9 label {
  margin-left: 0.8em;
  line-height: 1.1;
  color: #666;
  cursor: pointer;
}

.c3 {
  position: absolute;
  top: 2rem;
  left: 2rem;
  bottom: 7rem;
  width: 9rem;
  overflow: hidden;
}

.c3 > div {
  width: 100%;
  height: 100%;
}

.c5 {
  height: calc(100% - 7rem);
  overflow: auto;
}

.c4 {
  display: inline-block;
  padding: 1rem;
  box-shadow: 1px 1px 6px 0px rgba(0,0,0,0.1);
  border-radius: 0.5rem;
  background-color: #fff;
}

.c10 {
  position: absolute;
  right: 10px;
  bottom: 40px;
  display: -webkit-box;
  display: -webkit-flex;
  display: -ms-flexbox;
  display: flex;
  -webkit-flex-direction: column;
  -ms-flex-direction: column;
  flex-direction: column;
  -webkit-align-items: center;
  -webkit-box-align: center;
  -ms-flex-align: center;
  align-items: center;
  font-weight: bold;
  box-shadow: 1px 1px 6px 0px rgba(0,0,0,0.1);
  border-radius: 0.5rem;
  background-color: #fff;
  overflow: hidden;
}

.c11 {
  display: block;
  padding: 0.8em;
  color: #000;
  font-size: 16px;
  line-height: 0.8;
  -webkit-text-decoration: none;
  text-decoration: none;
  text-align: center;
  background-color: #fff;
  border: 0;
  cursor: pointer;
  -webkit-user-select: none;
  -moz-user-select: none;
  -ms-user-select: none;
  user-select: none;
  outline: none;
}

.c11:focus {
  -webkit-text-decoration: none;
  text-decoration: none;
  outline: 0;
}

.c11:active {
  background-image: none;
  outline: 0;
  -webkit-user-select: none;
  -moz-user-select: none;
  -ms-user-select: none;
  user-select: none;
}

.c11:last-child {
  border-top: 1px solid #ececec;
}

<div
  className="c0"
>
  <div
    className="c1"
  >
    <button
      className="c2 is-active"
      onClick={[Function]}
    >
      Snapshot
    </button>
    <button
      className="c2"
      onClick={[Function]}
    >
      Risk
    </button>
  </div>
  <svg
    className="rsm-svg "
    stroke="#000000"
    strokeWidth={0.05}
    style={
      Object {
        "backgroundColor": "#D6E4EE",
      }
    }
    viewBox="0 0 800 600"
  >
    <g>
      <rect
        fill="transparent"
        height={600}
        width={800}
      />
      <g
        className="rsm-zoomable-group undefined"
        transform="translate(0 0) scale(1)"
      >
        <g
          className="rsm-geographies "
        />
      </g>
    </g>
  </svg>
  <div
    className="c3"
  >
    <div
      className="c4"
    >
      <h3>
        Case counts
      </h3>
      <div
        className="c5"
      >
        <div
          className="c6"
        >
          <div
            className="c7"
            style={
              Object {
                "backgroundColor": "#E23D4A",
              }
            }
          />
          <div
            className="c8"
          >
            20
          </div>
        </div>
        <div
          className="c6"
        >
          <div
            className="c7"
            style={
              Object {
                "backgroundColor": "#E23D4A",
              }
            }
          />
          <div
            className="c8"
          >
            18
          </div>
        </div>
        <div
          className="c6"
        >
          <div
            className="c7"
            style={
              Object {
                "backgroundColor": "#E55259",
              }
            }
          />
          <div
            className="c8"
          >
            16
          </div>
        </div>
        <div
          className="c6"
        >
          <div
            className="c7"
            style={
              Object {
                "backgroundColor": "#E86769",
              }
            }
          />
          <div
            className="c8"
          >
            13
          </div>
        </div>
        <div
          className="c6"
        >
          <div
            className="c7"
            style={
              Object {
                "backgroundColor": "#EB7C77",
              }
            }
          />
          <div
            className="c8"
          >
            11
          </div>
        </div>
        <div
          className="c6"
        >
          <div
            className="c7"
            style={
              Object {
                "backgroundColor": "#EE9187",
              }
            }
          />
          <div
            className="c8"
          >
            9
          </div>
        </div>
        <div
          className="c6"
        >
          <div
            className="c7"
            style={
              Object {
                "backgroundColor": "#F1A697",
              }
            }
          />
          <div
            className="c8"
          >
            7
          </div>
        </div>
        <div
          className="c6"
        >
          <div
            className="c7"
            style={
              Object {
                "backgroundColor": "#F5BCA7",
              }
            }
          />
          <div
            className="c8"
          >
            4
          </div>
        </div>
        <div
          className="c6"
        >
          <div
            className="c7"
            style={
              Object {
                "backgroundColor": "#F8D1B6",
              }
            }
          />
          <div
            className="c8"
          >
            2
          </div>
        </div>
        <div
          className="c6"
        >
          <div
            className="c7"
            style={
              Object {
                "backgroundColor": "#FDF1DD",
              }
            }
          />
          <div
            className="c8"
          >
            0
          </div>
        </div>
      </div>
      <div
        className="c9"
        onClick={[Function]}
      >
        <svg
          alt="Hide Count"
          aria-hidden="true"
          height="20px"
          role="img"
          style={
            Object {
              "height": "20px",
              "width": "20px",
            }
          }
          viewBox="0 0 100 100"
          width="20px"
        >
          <g>
            <title>
              Hide Count
            </title>
            <path
              d="M75.3,30.1l11.6-11.6c1.4-1.4,1.4-3.9,0-5.4s-3.9-1.4-5.4,0L67.9,26.5c-5.9-2.6-12-4.2-18.1-4.2 c-8.5,0-17.1,3-25.1,7.6C15.6,35.3,7.2,42.6,0.4,49.9c6,6.7,12.9,13.3,20.8,18.5c1,0.6,2,1.3,3,1.9L13.7,80.7L13,81.4 c-1.4,1.4-1.4,3.9,0,5.4c1.4,1.6,3.9,1.4,5.4,0l0.7-0.7l0,0l12.3-12.3c5.7,2.3,11.9,3.7,18.5,3.7c10.8,0,20.4-3.7,28.7-9.2 c7.9-5.2,14.8-11.8,20.8-18.5C92.9,42.7,84.4,35.4,75.3,30.1z M32.7,62.1c-2.3-3.4-3.7-7.6-3.7-12c0-5.7,2.4-11,6.2-14.9 c4-4,9.3-6.2,14.9-6.2c4.4,0,8.6,1.4,12,3.7l-4.2,4.2c-2.3-1.4-5-2.2-7.9-2.2c-4.3,0-8.2,1.7-10.9,4.4c-2.7,2.7-4.4,6.6-4.4,10.9 c0,2.9,0.9,5.6,2.2,7.9L32.7,62.1z M64.9,64.9c-3.9,3.9-9.2,6.2-14.9,6.2c-4.4,0-8.6-1.4-12-3.7l4.2-4.2c2.3,1.4,5,2.2,7.9,2.2 c4.3,0,8.2-1.7,10.9-4.4c2.7-2.7,4.4-6.6,4.4-10.9c0-2.9-0.9-5.6-2.2-7.9l4.2-4.2c2.3,3.4,3.7,7.6,3.7,12 C71.1,55.8,68.8,61.1,64.9,64.9z"
              fill="#000000"
            />
          </g>
        </svg>
        <label>
          Hide Count
        </label>
      </div>
    </div>
  </div>
  <div
    className="c10"
  >
    <button
      className="c11"
      disabled={false}
      onClick={[Function]}
    >
      +
    </button>
    <button
      className="c11"
      disabled={false}
      onClick={[Function]}
    >
      -
    </button>
  </div>
</div>
`;
