// Jest Snapshot v1, https://goo.gl/fbAQLP

exports[`Tests for the connected ProjectionsToggle component with reduxInitialState should render with given state from Redux store 1`] = `
.c1 {
  position: relative;
  width: 50px;
  -webkit-user-select: none;
  -moz-user-select: none;
  -ms-user-select: none;
}

.c1 input[type="checkbox"] {
  display: none;
}

.c1 input[type="checkbox"]:checked + label .onoffswitch-inner {
  margin-left: 0;
}

.c1 input[type="checkbox"]:checked + label .onoffswitch-switch {
  margin-right: 0;
  right: 0px;
}

.c1 label {
  display: block;
  overflow: hidden;
  cursor: pointer;
  border-radius: 20px;
  border: 1px solid #ececec;
}

.c1 .onoffswitch-inner {
  display: block;
  width: 200%;
  margin-left: -100%;
  -webkit-transition: margin 0.3s ease-in 0s;
  transition: margin 0.3s ease-in 0s;
}

.c1 .onoffswitch-inner:before,
.c1 .onoffswitch-inner:after {
  display: block;
  float: left;
  width: 50%;
  height: 15px;
  padding: 0;
  line-height: 15px;
  font-size: 10px;
  font-weight: bold;
  color: #333;
  background-color: #fff;
  box-sizing: border-box;
}

.c1 .onoffswitch-inner:before {
  content: "ON";
  padding-left: 8px;
}

.c1 .onoffswitch-inner:after {
  content: "OFF";
  padding-right: 8px;
  text-align: right;
}

.c1 .onoffswitch-switch {
  display: block;
  width: 16px;
  height: 16px;
  margin: 0;
  background: #666;
  position: absolute;
  top: 0;
  bottom: 0;
  right: 35px;
  border-radius: 50%;
  -webkit-transition: all 0.3s ease-in 0s;
  transition: all 0.3s ease-in 0s;
}

.c0 {
  display: -webkit-box;
  display: -webkit-flex;
  display: -ms-flexbox;
  display: flex;
  -webkit-align-items: center;
  -webkit-box-align: center;
  -ms-flex-align: center;
  align-items: center;
  -webkit-box-pack: justify;
  -webkit-justify-content: space-between;
  -ms-flex-pack: justify;
  justify-content: space-between;
  width: 140px;
  margin-left: 1em;
  padding: 0.5rem;
  text-transform: uppercase;
  font-size: 0.9em;
  font-weight: bold;
  background-color: #f0f0f0;
  border-radius: 3px;
  -webkit-transition: all 0.3s ease;
  transition: all 0.3s ease;
}

.c0.is-active {
  background-color: #f8ae32;
}

<div
  className="c0"
>
  Projection
  <div
    className="c1"
  >
    <input
      id="projection-switch"
      name="projection"
      onChange={[Function]}
      type="checkbox"
    />
    <label
      htmlFor="projection-switch"
    >
      <span
        className="onoffswitch-inner"
      />
      <span
        className="onoffswitch-switch"
      />
    </label>
  </div>
</div>
`;
