// Jest Snapshot v1, https://goo.gl/fbAQLP

exports[`Tests for the connected SidebarDateRange component with reduxInitialState should render with given state from Redux store 1`] = `
<div>
  <div
    className="react-daterange-picker react-daterange-picker--closed react-daterange-picker--enabled"
    onFocus={[Function]}
  >
    <div
      className="react-daterange-picker__wrapper"
    >
      <div
        className="react-daterange-picker__inputGroup"
        onClick={[Function]}
      >
        <input
          max="275760-09-12"
          min="0000-12-31"
          name="daterange_from"
          onChange={[Function]}
          onFocus={[Function]}
          style={
            Object {
              "position": "absolute",
              "visibility": "hidden",
              "zIndex": "-999",
            }
          }
          type="date"
          value="2014-10-01"
        />
        
        <input
          autoComplete="off"
          className="react-daterange-picker__inputGroup__input react-daterange-picker__inputGroup__month"
          data-input="true"
          inputMode="numeric"
          max={12}
          min={1}
          name="month"
          onChange={[Function]}
          onFocus={[Function]}
          onKeyDown={[Function]}
          onKeyPress={[Function]}
          onKeyUp={[Function]}
          placeholder="--"
          required={null}
          type="number"
          value={10}
        />
        <span
          className="react-date-picker__inputGroup__divider"
        >
          /
        </span>
        <input
          autoComplete="off"
          autoFocus={false}
          className="react-daterange-picker__inputGroup__input react-daterange-picker__inputGroup__day"
          data-input="true"
          inputMode="numeric"
          max={31}
          min={1}
          name="day"
          onChange={[Function]}
          onFocus={[Function]}
          onKeyDown={[Function]}
          onKeyPress={[Function]}
          onKeyUp={[Function]}
          placeholder="--"
          required={null}
          type="number"
          value={1}
        />
        <span
          className="react-date-picker__inputGroup__divider"
        >
          /
        </span>
        <input
          autoComplete="off"
          autoFocus={false}
          className="react-daterange-picker__inputGroup__input react-daterange-picker__inputGroup__year"
          data-input="true"
          inputMode="numeric"
          max={275760}
          min={1}
          name="year"
          onChange={[Function]}
          onFocus={[Function]}
          onKeyDown={[Function]}
          onKeyPress={[Function]}
          onKeyUp={[Function]}
          placeholder="----"
          required={null}
          step={1}
          type="number"
          value={2014}
        />
        
      </div>
      <span
        className="react-daterange-picker__range-divider"
      >
        â€“
      </span>
      <div
        className="react-daterange-picker__inputGroup"
        onClick={[Function]}
      >
        <input
          max="275760-09-12"
          min="0000-12-31"
          name="daterange_to"
          onChange={[Function]}
          onFocus={[Function]}
          style={
            Object {
              "position": "absolute",
              "visibility": "hidden",
              "zIndex": "-999",
            }
          }
          type="date"
          value="2016-02-20"
        />
        
        <input
          autoComplete="off"
          className="react-daterange-picker__inputGroup__input react-daterange-picker__inputGroup__month"
          data-input="true"
          inputMode="numeric"
          max={12}
          min={1}
          name="month"
          onChange={[Function]}
          onFocus={[Function]}
          onKeyDown={[Function]}
          onKeyPress={[Function]}
          onKeyUp={[Function]}
          placeholder="--"
          required={null}
          type="number"
          value={2}
        />
        <span
          className="react-date-picker__inputGroup__divider"
        >
          /
        </span>
        <input
          autoComplete="off"
          autoFocus={false}
          className="react-daterange-picker__inputGroup__input react-daterange-picker__inputGroup__day"
          data-input="true"
          inputMode="numeric"
          max={29}
          min={1}
          name="day"
          onChange={[Function]}
          onFocus={[Function]}
          onKeyDown={[Function]}
          onKeyPress={[Function]}
          onKeyUp={[Function]}
          placeholder="--"
          required={null}
          type="number"
          value={20}
        />
        <span
          className="react-date-picker__inputGroup__divider"
        >
          /
        </span>
        <input
          autoComplete="off"
          autoFocus={false}
          className="react-daterange-picker__inputGroup__input react-daterange-picker__inputGroup__year"
          data-input="true"
          inputMode="numeric"
          max={275760}
          min={1}
          name="year"
          onChange={[Function]}
          onFocus={[Function]}
          onKeyDown={[Function]}
          onKeyPress={[Function]}
          onKeyUp={[Function]}
          placeholder="----"
          required={null}
          step={1}
          type="number"
          value={2016}
        />
        
      </div>
      <button
        className="react-daterange-picker__calendar-button react-daterange-picker__button"
        onClick={[Function]}
        onFocus={[Function]}
        type="button"
      >
        <svg
          className="react-daterange-picker__calendar-button__icon react-daterange-picker__button__icon"
          height={19}
          stroke="black"
          strokeWidth={2}
          viewBox="0 0 19 19"
          width={19}
          xmlns="http://www.w3.org/2000/svg"
        >
          <rect
            fill="none"
            height="15"
            width="15"
            x="2"
            y="2"
          />
          <line
            x1="6"
            x2="6"
            y1="0"
            y2="4"
          />
          <line
            x1="13"
            x2="13"
            y1="0"
            y2="4"
          />
        </svg>
      </button>
    </div>
  </div>
</div>
`;
